Avg: 400.00     Std Dev:   0.07
              John Clone 400  -0.071  47.2%
              John Clone 400  -0.071  47.2%
              John Clone 400  -0.071  47.2%
              John Clone 400  -0.071  47.2%
              John Clone 400  -0.071  47.2%
              John Clone 400  -0.071  47.2%
              John Clone 400  -0.071  47.2%
              John Clone 400  -0.071  47.2%
              John Clone 400  -0.071  47.2%
              John Clone 400  -0.071  47.2%
              John Clone 400  -0.071  47.2%
              John Clone 400  -0.071  47.2%
              John Clone 400  -0.071  47.2%
              John Clone 400  -0.071  47.2%
              John Clone 400  -0.071  47.2%
              John Clone 400  -0.071  47.2%
              John Clone 400  -0.071  47.2%
              John Clone 400  -0.071  47.2%
              John Clone 400  -0.071  47.2%
              John Clone 400  -0.071  47.2%
              John Clone 400  -0.071  47.2%
              John Clone 400  -0.071  47.2%
              John Clone 400  -0.071  47.2%
              John Clone 400  -0.071  47.2%
              John Clone 400  -0.071  47.2%
              John Clone 400  -0.071  47.2%
              John Clone 400  -0.071  47.2%
              John Clone 400  -0.071  47.2%
              John Clone 400  -0.071  47.2%
              John Clone 400  -0.071  47.2%
              John Clone 400  -0.071  47.2%
              John Clone 400  -0.071  47.2%
              John Clone 400  -0.071  47.2%
              John Clone 400  -0.071  47.2%
              John Clone 400  -0.071  47.2%
              John Clone 400  -0.071  47.2%
              John Clone 400  -0.071  47.2%
              John Clone 400  -0.071  47.2%
              John Clone 400  -0.071  47.2%
              John Clone 400  -0.071  47.2%
              John Clone 400  -0.071  47.2%
              John Clone 400  -0.071  47.2%
              John Clone 400  -0.071  47.2%
              John Clone 400  -0.071  47.2%
              John Clone 400  -0.071  47.2%
              John Clone 400  -0.071  47.2%
              John Clone 400  -0.071  47.2%
              John Clone 400  -0.071  47.2%
              John Clone 400  -0.071  47.2%
              John Clone 400  -0.071  47.2%
              John Clone 400  -0.071  47.2%
              John Clone 400  -0.071  47.2%
              John Clone 400  -0.071  47.2%
              John Clone 400  -0.071  47.2%
              John Clone 400  -0.071  47.2%
              John Clone 400  -0.071  47.2%
              John Clone 400  -0.071  47.2%
              John Clone 400  -0.071  47.2%
              John Clone 400  -0.071  47.2%
              John Clone 400  -0.071  47.2%
              John Clone 400  -0.071  47.2%
              John Clone 400  -0.071  47.2%
              John Clone 400  -0.071  47.2%
              John Clone 400  -0.071  47.2%
              John Clone 400  -0.071  47.2%
              John Clone 400  -0.071  47.2%
              John Clone 400  -0.071  47.2%
              John Clone 400  -0.071  47.2%
              John Clone 400  -0.071  47.2%
              John Clone 400  -0.071  47.2%
              John Clone 400  -0.071  47.2%
              John Clone 400  -0.071  47.2%
              John Clone 400  -0.071  47.2%
              John Clone 400  -0.071  47.2%
              John Clone 400  -0.071  47.2%
              John Clone 400  -0.071  47.2%
              John Clone 400  -0.071  47.2%
              John Clone 400  -0.071  47.2%
              John Clone 400  -0.071  47.2%
              John Clone 400  -0.071  47.2%
              John Clone 400  -0.071  47.2%
              John Clone 400  -0.071  47.2%
              John Clone 400  -0.071  47.2%
              John Clone 400  -0.071  47.2%
              John Clone 400  -0.071  47.2%
              John Clone 400  -0.071  47.2%
              John Clone 400  -0.071  47.2%
              John Clone 400  -0.071  47.2%
              John Clone 400  -0.071  47.2%
              John Clone 400  -0.071  47.2%
              John Clone 400  -0.071  47.2%
              John Clone 400  -0.071  47.2%
              John Clone 400  -0.071  47.2%
              John Clone 400  -0.071  47.2%
              John Clone 400  -0.071  47.2%
              John Clone 400  -0.071  47.2%
              John Clone 400  -0.071  47.2%
              John Clone 400  -0.071  47.2%
              John Clone 400  -0.071  47.2%
              John Clone 400  -0.071  47.2%
              John Clone 400  -0.071  47.2%
              John Clone 400  -0.071  47.2%
              John Clone 400  -0.071  47.2%
              John Clone 400  -0.071  47.2%
              John Clone 400  -0.071  47.2%
              John Clone 400  -0.071  47.2%
              John Clone 400  -0.071  47.2%
              John Clone 400  -0.071  47.2%
              John Clone 400  -0.071  47.2%
              John Clone 400  -0.071  47.2%
              John Clone 400  -0.071  47.2%
              John Clone 400  -0.071  47.2%
              John Clone 400  -0.071  47.2%
              John Clone 400  -0.071  47.2%
              John Clone 400  -0.071  47.2%
              John Clone 400  -0.071  47.2%
              John Clone 400  -0.071  47.2%
              John Clone 400  -0.071  47.2%
              John Clone 400  -0.071  47.2%
              John Clone 400  -0.071  47.2%
              John Clone 400  -0.071  47.2%
              John Clone 400  -0.071  47.2%
              John Clone 400  -0.071  47.2%
              John Clone 400  -0.071  47.2%
              John Clone 400  -0.071  47.2%
              John Clone 400  -0.071  47.2%
              John Clone 400  -0.071  47.2%
              John Clone 400  -0.071  47.2%
              John Clone 400  -0.071  47.2%
              John Clone 400  -0.071  47.2%
              John Clone 400  -0.071  47.2%
              John Clone 400  -0.071  47.2%
              John Clone 400  -0.071  47.2%
              John Clone 400  -0.071  47.2%
              John Clone 400  -0.071  47.2%
              John Clone 400  -0.071  47.2%
              John Clone 400  -0.071  47.2%
              John Clone 400  -0.071  47.2%
              John Clone 400  -0.071  47.2%
              John Clone 400  -0.071  47.2%
              John Clone 400  -0.071  47.2%
              John Clone 400  -0.071  47.2%
              John Clone 400  -0.071  47.2%
              John Clone 400  -0.071  47.2%
              John Clone 400  -0.071  47.2%
              John Clone 400  -0.071  47.2%
              John Clone 400  -0.071  47.2%
              John Clone 400  -0.071  47.2%
              John Clone 400  -0.071  47.2%
              John Clone 400  -0.071  47.2%
              John Clone 400  -0.071  47.2%
              John Clone 400  -0.071  47.2%
              John Clone 400  -0.071  47.2%
              John Clone 400  -0.071  47.2%
              John Clone 400  -0.071  47.2%
              John Clone 400  -0.071  47.2%
              John Clone 400  -0.071  47.2%
              John Clone 400  -0.071  47.2%
              John Clone 400  -0.071  47.2%
              John Clone 400  -0.071  47.2%
              John Clone 400  -0.071  47.2%
              John Clone 400  -0.071  47.2%
              John Clone 400  -0.071  47.2%
              John Clone 400  -0.071  47.2%
              John Clone 400  -0.071  47.2%
              John Clone 400  -0.071  47.2%
              John Clone 400  -0.071  47.2%
              John Clone 400  -0.071  47.2%
              John Clone 400  -0.071  47.2%
              John Clone 400  -0.071  47.2%
              John Clone 400  -0.071  47.2%
              John Clone 400  -0.071  47.2%
              John Clone 400  -0.071  47.2%
              John Clone 400  -0.071  47.2%
              John Clone 400  -0.071  47.2%
              John Clone 400  -0.071  47.2%
              John Clone 400  -0.071  47.2%
              John Clone 400  -0.071  47.2%
              John Clone 400  -0.071  47.2%
              John Clone 400  -0.071  47.2%
              John Clone 400  -0.071  47.2%
              John Clone 400  -0.071  47.2%
              John Clone 400  -0.071  47.2%
              John Clone 400  -0.071  47.2%
              John Clone 400  -0.071  47.2%
              John Clone 400  -0.071  47.2%
              John Clone 400  -0.071  47.2%
              John Clone 400  -0.071  47.2%
              John Clone 400  -0.071  47.2%
              John Clone 400  -0.071  47.2%
              John Clone 400  -0.071  47.2%
              John Clone 400  -0.071  47.2%
              John Clone 400  -0.071  47.2%
              John Clone 400  -0.071  47.2%
              John Clone 400  -0.071  47.2%
              John Clone 400  -0.071  47.2%
              John Clone 400  -0.071  47.2%
              John Clone 400  -0.071  47.2%
              John Clone 400  -0.071  47.2%
              John Clone 400  -0.071  47.2%
     Katie Individualist 401  14.107 100.3%
