Avg: 500.05     Std Dev: 292.00
                John Doe 200  -1.028  15.2%
           Edgar J Smith 200  -1.028  15.2%
             Janet Jones 200  -1.028  15.2%
        A J Thompson Jr. 800   1.027  84.8%
          Margaret Black 800   1.027  84.8%
            Harold White 800   1.027  84.8%
              John Doe 2 200  -1.028  15.2%
         Edgar J Smith 2 200  -1.028  15.2%
           Janet Jones 2 200  -1.028  15.2%
      A J Thompson Jr. 2 800   1.027  84.8%
        Margaret Black 2 800   1.027  84.8%
          Harold White 2 800   1.027  84.8%
              John Doe 3 200  -1.028  15.2%
         Edgar J Smith 3 200  -1.028  15.2%
           Janet Jones 3 200  -1.028  15.2%
      A J Thompson Jr. 3 800   1.027  84.8%
        Margaret Black 3 800   1.027  84.8%
          Harold White 3 800   1.027  84.8%
                 Suzie Q 500  -0.000  50.0%
                 Suzie R 501   0.003  50.1%
