Avg: 217.29     Std Dev:  10.87
                John Doe 200  -1.590   5.6%
           Edgar J Smith 210  -0.670  25.1%
             Janet Jones 220   0.250  59.9%
Anthony J Thompson-VeryL 225   0.709  76.1%
          Margaret Black 226   0.801  78.9%
            Harold White 230   1.169  87.9%
                 Suzie Q 210  -0.670  25.1%
