Avg: 400.09     Std Dev:   0.30
     Katie Individualist 401   3.015  99.9%
              John Clone 400  -0.302  38.2%
              John Clone 400  -0.302  38.2%
              John Clone 400  -0.302  38.2%
              John Clone 400  -0.302  38.2%
              John Clone 400  -0.302  38.2%
              John Clone 400  -0.302  38.2%
              John Clone 400  -0.302  38.2%
              John Clone 400  -0.302  38.2%
              John Clone 400  -0.302  38.2%
              John Clone 400  -0.302  38.2%
